******************************************************************************
                  MSP430 Linker PC v18.1.1                     
******************************************************************************
>> Linked Tue Mar 27 22:24:51 2018

OUTPUT FILE NAME:   <lab_1_ccs.out>
ENTRY POINT SYMBOL: "_c_int00_noargs"  address: 00004400


MEMORY CONFIGURATION

         name            origin    length      used     unused   attr    fill
----------------------  --------  ---------  --------  --------  ----  --------
  SFR                   00000000   00000010  00000000  00000010  RWIX
  PERIPHERALS_8BIT      00000010   000000f0  00000000  000000f0  RWIX
  PERIPHERALS_16BIT     00000100   00000100  00000000  00000100  RWIX
  INFOD                 00001800   00000080  00000000  00000080  RWIX
  INFOC                 00001880   00000080  00000000  00000080  RWIX
  INFOB                 00001900   00000080  00000000  00000080  RWIX
  INFOA                 00001980   00000080  00000000  00000080  RWIX
  USBRAM                00001c00   00000800  00000000  00000800  RWIX
  RAM                   00002400   00002000  00000998  00001668  RWIX
  FLASH                 00004400   0000bb80  00000616  0000b56a  RWIX
  INT00                 0000ff80   00000002  00000000  00000002  RWIX
  INT01                 0000ff82   00000002  00000000  00000002  RWIX
  INT02                 0000ff84   00000002  00000000  00000002  RWIX
  INT03                 0000ff86   00000002  00000000  00000002  RWIX
  INT04                 0000ff88   00000002  00000000  00000002  RWIX
  INT05                 0000ff8a   00000002  00000000  00000002  RWIX
  INT06                 0000ff8c   00000002  00000000  00000002  RWIX
  INT07                 0000ff8e   00000002  00000000  00000002  RWIX
  INT08                 0000ff90   00000002  00000000  00000002  RWIX
  INT09                 0000ff92   00000002  00000000  00000002  RWIX
  INT10                 0000ff94   00000002  00000000  00000002  RWIX
  INT11                 0000ff96   00000002  00000000  00000002  RWIX
  INT12                 0000ff98   00000002  00000000  00000002  RWIX
  INT13                 0000ff9a   00000002  00000000  00000002  RWIX
  INT14                 0000ff9c   00000002  00000000  00000002  RWIX
  INT15                 0000ff9e   00000002  00000000  00000002  RWIX
  INT16                 0000ffa0   00000002  00000000  00000002  RWIX
  INT17                 0000ffa2   00000002  00000000  00000002  RWIX
  INT18                 0000ffa4   00000002  00000000  00000002  RWIX
  INT19                 0000ffa6   00000002  00000000  00000002  RWIX
  INT20                 0000ffa8   00000002  00000000  00000002  RWIX
  INT21                 0000ffaa   00000002  00000000  00000002  RWIX
  INT22                 0000ffac   00000002  00000000  00000002  RWIX
  INT23                 0000ffae   00000002  00000000  00000002  RWIX
  INT24                 0000ffb0   00000002  00000000  00000002  RWIX
  INT25                 0000ffb2   00000002  00000000  00000002  RWIX
  INT26                 0000ffb4   00000002  00000000  00000002  RWIX
  INT27                 0000ffb6   00000002  00000000  00000002  RWIX
  INT28                 0000ffb8   00000002  00000000  00000002  RWIX
  INT29                 0000ffba   00000002  00000000  00000002  RWIX
  INT30                 0000ffbc   00000002  00000000  00000002  RWIX
  INT31                 0000ffbe   00000002  00000000  00000002  RWIX
  INT32                 0000ffc0   00000002  00000000  00000002  RWIX
  INT33                 0000ffc2   00000002  00000000  00000002  RWIX
  INT34                 0000ffc4   00000002  00000000  00000002  RWIX
  INT35                 0000ffc6   00000002  00000000  00000002  RWIX
  INT36                 0000ffc8   00000002  00000000  00000002  RWIX
  INT37                 0000ffca   00000002  00000000  00000002  RWIX
  INT38                 0000ffcc   00000002  00000000  00000002  RWIX
  INT39                 0000ffce   00000002  00000000  00000002  RWIX
  INT40                 0000ffd0   00000002  00000000  00000002  RWIX
  INT41                 0000ffd2   00000002  00000002  00000000  RWIX
  INT42                 0000ffd4   00000002  00000002  00000000  RWIX
  INT43                 0000ffd6   00000002  00000002  00000000  RWIX
  INT44                 0000ffd8   00000002  00000002  00000000  RWIX
  INT45                 0000ffda   00000002  00000002  00000000  RWIX
  INT46                 0000ffdc   00000002  00000002  00000000  RWIX
  INT47                 0000ffde   00000002  00000002  00000000  RWIX
  INT48                 0000ffe0   00000002  00000002  00000000  RWIX
  INT49                 0000ffe2   00000002  00000002  00000000  RWIX
  INT50                 0000ffe4   00000002  00000002  00000000  RWIX
  INT51                 0000ffe6   00000002  00000002  00000000  RWIX
  INT52                 0000ffe8   00000002  00000002  00000000  RWIX
  INT53                 0000ffea   00000002  00000002  00000000  RWIX
  INT54                 0000ffec   00000002  00000002  00000000  RWIX
  INT55                 0000ffee   00000002  00000002  00000000  RWIX
  INT56                 0000fff0   00000002  00000002  00000000  RWIX
  INT57                 0000fff2   00000002  00000002  00000000  RWIX
  INT58                 0000fff4   00000002  00000002  00000000  RWIX
  INT59                 0000fff6   00000002  00000002  00000000  RWIX
  INT60                 0000fff8   00000002  00000002  00000000  RWIX
  INT61                 0000fffa   00000002  00000002  00000000  RWIX
  INT62                 0000fffc   00000002  00000002  00000000  RWIX
  RESET                 0000fffe   00000002  00000002  00000000  RWIX
  FLASH2                00010000   00014400  00003b66  0001089a  RWIX


SECTION ALLOCATION MAP

 output                                  attributes/
section   page    origin      length       input sections
--------  ----  ----------  ----------   ----------------
.bss       0    00002400    0000059c     UNINITIALIZED
                  00002400    00000480     (.common:DisplayBuffer)
                  00002880    000000a0     (.common:__TI_tmpnams)
                  00002920    00000034     (.common:deck)
                  00002954    0000001c     (.common:g_sContext)
                  00002970    0000000a     rts430x_lc_rd_eabi.lib : memory.c.obj (.bss)
                  0000297a    0000000a     (.common:cpu_hand)
                  00002984    0000000a     (.common:player_hand)
                  0000298e    00000008     (.common:parmbuf)
                  00002996    00000004     main.obj (.bss)
                  0000299a    00000002     IO.obj (.bss)

.data      0    0000299c    0000019c     UNINITIALIZED
                  0000299c    000000c8     rts430x_lc_rd_eabi.lib : defs.c.obj (.data:_ftable)
                  00002a64    00000078                            : write.c.obj (.data:_device)
                  00002adc    0000003c                            : write.c.obj (.data:_stream)
                  00002b18    00000004                            : exit_gvars.c.obj (.data:__TI_cleanup_ptr)
                  00002b1c    00000004                            : exit_gvars.c.obj (.data:__TI_dtors_ptr)
                  00002b20    00000004                            : _lock.c.obj (.data:_lock)
                  00002b24    00000004                            : _lock.c.obj (.data:_unlock)
                  00002b28    00000004                            : rand.c.obj (.data)
                  00002b2c    00000002     Sharp96x96.obj (.data)
                  00002b2e    00000002     main.obj (.data)
                  00002b30    00000002     rts430x_lc_rd_eabi.lib : defs.c.obj (.data)
                  00002b32    00000002                            : errno.c.obj (.data)
                  00002b34    00000002                            : exit.c.obj (.data)
                  00002b36    00000002                            : memory.c.obj (.data)

.cio       0    00002b38    00000120     UNINITIALIZED
                  00002b38    00000120     rts430x_lc_rd_eabi.lib : trgmsg.c.obj (.cio)

.sysmem    0    00002c58    000000a0     UNINITIALIZED
                  00002c58    00000006     rts430x_lc_rd_eabi.lib : memory.c.obj (.sysmem)
                  00002c5e    0000009a     --HOLE--

.stack     0    00004360    000000a0     UNINITIALIZED
                  00004360    00000004     rts430x_lc_rd_eabi.lib : boot.c.obj (.stack)
                  00004364    0000009c     --HOLE--

.text:_isr 
*          0    00004400    0000002e     
                  00004400    0000001c     rts430x_lc_rd_eabi.lib : boot.c.obj (.text:_isr:_c_int00_noargs)
                  0000441c    0000000a     peripherals.obj (.text:_isr:TIMER1_A0_ISR)
                  00004426    00000008     rts430x_lc_rd_eabi.lib : isr_trap.asm.obj (.text:_isr:__TI_ISR_TRAP)

.cinit     0    00004998    0000007e     
                  00004998    0000005c     (.cinit..data.load) [load image, compression = lzss]
                  000049f4    0000000c     (__TI_handler_table)
                  00004a00    00000006     (.cinit..bss.load) [load image, compression = zero_init]
                  00004a06    00000010     (__TI_cinit_table)

.binit     0    00004400    00000000     

.init_array 
*          0    00004400    00000000     UNINITIALIZED

.const     0    0000442e    0000056a     
                  0000442e    000002f8     fontfixed6x8.obj (.const:.string:g_pucFontFixed6x8Data)
                  00004726    00000101     rts430x_lc_rd_eabi.lib : ctype.c.obj (.const:.string:_ctypes_)
                  00004827    00000001     --HOLE-- [fill = 0]
                  00004828    000000c8     fontfixed6x8.obj (.const:g_sFontFixed6x8)
                  000048f0    0000003e     main.obj (.const:.string)
                  0000492e    0000002c     Sharp96x96.obj (.const:g_sharp96x96LCD)
                  0000495a    00000014     rts430x_lc_rd_eabi.lib : _printfi_min.c.obj (.const:.string)
                  0000496e    00000010     Sharp96x96.obj (.const:.string:referse_data)
                  0000497e    00000008     main.obj (.const:$P$T0$1)
                  00004986    00000007     rts430x_lc_rd_eabi.lib : _scanfi_min.c.obj (.const:.string:flit$1)
                  0000498d    00000001     --HOLE-- [fill = 0]
                  0000498e    00000006                            : _scanfi_min.c.obj (.const:.string:barr$2)
                  00004994    00000004     IO.obj (.const:.string)

RTC        0    0000ffd2    00000002     
                  0000ffd2    00000002     rts430x_lc_rd_eabi.lib : int41.asm.obj (.int41)

PORT2      0    0000ffd4    00000002     
                  0000ffd4    00000002     rts430x_lc_rd_eabi.lib : int42.asm.obj (.int42)

TIMER2_A1 
*          0    0000ffd6    00000002     
                  0000ffd6    00000002     rts430x_lc_rd_eabi.lib : int43.asm.obj (.int43)

TIMER2_A0 
*          0    0000ffd8    00000002     
                  0000ffd8    00000002     rts430x_lc_rd_eabi.lib : int44.asm.obj (.int44)

USCI_B1    0    0000ffda    00000002     
                  0000ffda    00000002     rts430x_lc_rd_eabi.lib : int45.asm.obj (.int45)

USCI_A1    0    0000ffdc    00000002     
                  0000ffdc    00000002     rts430x_lc_rd_eabi.lib : int46.asm.obj (.int46)

PORT1      0    0000ffde    00000002     
                  0000ffde    00000002     rts430x_lc_rd_eabi.lib : int47.asm.obj (.int47)

TIMER1_A1 
*          0    0000ffe0    00000002     
                  0000ffe0    00000002     rts430x_lc_rd_eabi.lib : int48.asm.obj (.int48)

TIMER1_A0 
*          0    0000ffe2    00000002     
                  0000ffe2    00000002     peripherals.obj (.int49)

DMA        0    0000ffe4    00000002     
                  0000ffe4    00000002     rts430x_lc_rd_eabi.lib : int50.asm.obj (.int50)

USB_UBM    0    0000ffe6    00000002     
                  0000ffe6    00000002     rts430x_lc_rd_eabi.lib : int51.asm.obj (.int51)

TIMER0_A1 
*          0    0000ffe8    00000002     
                  0000ffe8    00000002     rts430x_lc_rd_eabi.lib : int52.asm.obj (.int52)

TIMER0_A0 
*          0    0000ffea    00000002     
                  0000ffea    00000002     rts430x_lc_rd_eabi.lib : int53.asm.obj (.int53)

ADC12      0    0000ffec    00000002     
                  0000ffec    00000002     rts430x_lc_rd_eabi.lib : int54.asm.obj (.int54)

USCI_B0    0    0000ffee    00000002     
                  0000ffee    00000002     rts430x_lc_rd_eabi.lib : int55.asm.obj (.int55)

USCI_A0    0    0000fff0    00000002     
                  0000fff0    00000002     rts430x_lc_rd_eabi.lib : int56.asm.obj (.int56)

WDT        0    0000fff2    00000002     
                  0000fff2    00000002     rts430x_lc_rd_eabi.lib : int57.asm.obj (.int57)

TIMER0_B1 
*          0    0000fff4    00000002     
                  0000fff4    00000002     rts430x_lc_rd_eabi.lib : int58.asm.obj (.int58)

TIMER0_B0 
*          0    0000fff6    00000002     
                  0000fff6    00000002     rts430x_lc_rd_eabi.lib : int59.asm.obj (.int59)

COMP_B     0    0000fff8    00000002     
                  0000fff8    00000002     rts430x_lc_rd_eabi.lib : int60.asm.obj (.int60)

UNMI       0    0000fffa    00000002     
                  0000fffa    00000002     rts430x_lc_rd_eabi.lib : int61.asm.obj (.int61)

SYSNMI     0    0000fffc    00000002     
                  0000fffc    00000002     rts430x_lc_rd_eabi.lib : int62.asm.obj (.int62)

.reset     0    0000fffe    00000002     
                  0000fffe    00000002     rts430x_lc_rd_eabi.lib : boot.c.obj (.reset)

.text      0    00010000    00003b66     
                  00010000    000007e6     grlib.lib : string.obj (.text:Graphics_drawString)
                  000107e6    0000039c     main.obj (.text:main)
                  00010b82    000002a2     rts430x_lc_rd_eabi.lib : _scanfi_min.c.obj (.text:__TI_scanfi_minimal)
                  00010e24    0000023c                            : strtol.c.obj (.text:strtol)
                  00011060    000001d6                            : _scanfi_min.c.obj (.text:_sproc_int)
                  00011236    000001cc                            : strtoul.c.obj (.text:strtoul)
                  00011402    000001c6     Sharp96x96.obj (.text:Sharp96x96_RectFill)
                  000115c8    00000184     Sharp96x96.obj (.text:Sharp96x96_LineDrawH)
                  0001174c    00000132     rts430x_lc_rd_eabi.lib : _printfi_min.c.obj (.text:_setfield)
                  0001187e    00000104     grlib.lib : rectangle.obj (.text:Graphics_drawRectangle)
                  00011982    00000104     IO.obj (.text:diplay_hand)
                  00011a86    000000f4     Sharp96x96.obj (.text:Sharp96x96_Flush)
                  00011b7a    000000f0     rts430x_lc_rd_eabi.lib : fputs.c.obj (.text:fputs)
                  00011c6a    000000de                            : setvbuf.c.obj (.text:setvbuf)
                  00011d48    000000dc     grlib.lib : line.obj (.text:Graphics_drawLineH)
                  00011e24    000000dc     rts430x_lc_rd_eabi.lib : _printfi_min.c.obj (.text:__TI_printfi_minimal)
                  00011f00    000000da                            : _printfi_min.c.obj (.text:_pproc_diouxp)
                  00011fda    000000d2     grlib.lib : line.obj (.text:Graphics_drawLineV)
                  000120ac    000000ce               : string.obj (.text:Graphics_getStringWidth)
                  0001217a    000000c2     Sharp96x96.obj (.text:Sharp96x96_LineDrawV)
                  0001223c    000000c0     deck.obj (.text:shuffle_deck)
                  000122fc    000000bc     rts430x_lc_rd_eabi.lib : memory.c.obj (.text:malloc)
                  000123b8    000000a0     Sharp96x96.obj (.text:Sharp96x96_PixelDraw)
                  00012458    0000009e     rts430x_lc_rd_eabi.lib : _scanfi_min.c.obj (.text:_sproc_str)
                  000124f6    0000009a                            : hostlseek.c.obj (.text:HOSTlseek)
                  00012590    00000092     Sharp96x96.obj (.text:Sharp96x96_DrawMultiple)
                  00012622    00000092     rts430x_lc_rd_eabi.lib : _bufread.c.obj (.text:__TI_buff_read)
                  000126b4    00000092                            : fscanf.c.obj (.text:_chkmbc)
                  00012746    00000090                            : fgetc.c.obj (.text:fgetc)
                  000127d6    00000090                            : fputc.c.obj (.text:fputc)
                  00012866    0000008e                            : memory.c.obj (.text:free)
                  000128f4    00000088                            : ungetc.c.obj (.text:ungetc)
                  0001297c    0000007e                            : _io_perm.c.obj (.text:__TI_wrt_ok)
                  000129fa    00000078     grlib.lib : string.obj (.text:Graphics_drawStringCentered)
                  00012a72    00000076     rts430x_lc_rd_eabi.lib : copy_decompress_lzss.c.obj (.text:decompress:lzss:__TI_decompress_lzss)
                  00012ae8    00000074                            : hostrename.c.obj (.text:HOSTrename)
                  00012b5c    00000074                            : fclose.c.obj (.text:__TI_closefile)
                  00012bd0    00000070                            : hostopen.c.obj (.text:HOSTopen)
                  00012c40    0000006c                            : hostwrite.c.obj (.text:HOSTwrite)
                  00012cac    0000006a                            : hostread.c.obj (.text:HOSTread)
                  00012d16    0000006a     Sharp96x96.obj (.text:Sharp96x96_ClearScreen)
                  00012d80    0000006a     HAL_MSP_EXP430FR5529_Sharp96x96.obj (.text:Sharp96x96_Init)
                  00012dea    0000006a     rts430x_lc_rd_eabi.lib : fseek.c.obj (.text:fseek)
                  00012e54    00000066     Sharp96x96.obj (.text:Sharp96x96_InitializeDisplayBuffer)
                  00012eba    00000064     rts430x_lc_rd_eabi.lib : fflush.c.obj (.text:__TI_doflush)
                  00012f1e    0000005a                            : _io_perm.c.obj (.text:__TI_rd_ok)
                  00012f78    0000005a                            : close.c.obj (.text:close)
                  00012fd2    0000005a                            : getdevice.c.obj (.text:getdevice)
                  0001302c    00000058     IO.obj (.text:disp_cpu_hand)
                  00013084    00000058     rts430x_lc_rd_eabi.lib : div32u.asm.obj (.text)
                  000130dc    00000056                            : hosttime.c.obj (.text:HOSTtime)
                  00013132    00000054                            : autoinit.c.obj (.text:__TI_auto_init_nobinit_nopinit_hold_wdt:__TI_auto_init_nobinit_nopinit_hold_wdt)
                  00013186    00000052     Sharp96x96.obj (.text:Sharp96x96_SendToggleVCOMCommand)
                  000131d8    00000050     rts430x_lc_rd_eabi.lib : fscanf.c.obj (.text:scanf)
                  00013228    0000004e                            : hostclose.c.obj (.text:HOSTclose)
                  00013276    0000004e     peripherals.obj (.text:configDisplay)
                  000132c4    0000004a     grlib.lib : string.obj (.text:Graphics_getNumberOfLeadingZeros)
                  0001330e    0000004a     rts430x_lc_rd_eabi.lib : exit.c.obj (.text:exit)
                  00013358    0000004a                            : printf.c.obj (.text:printf)
                  000133a2    00000048                            : _printfi_min.c.obj (.text:_pproc_str)
                  000133ea    00000048     peripherals.obj (.text:configKeypad)
                  00013432    00000046     rts430x_lc_rd_eabi.lib : hostunlink.c.obj (.text:HOSTunlink)
                  00013478    00000042                            : memory.c.obj (.text:minit)
                  000134ba    00000040                            : rand.c.obj (.text:rand)
                  000134fa    00000040                            : div32s.asm.obj (.text)
                  0001353a    0000003e                            : lsl32.asm.obj (.text:l_lsl_const)
                  00013578    0000003e                            : lseek.c.obj (.text:lseek)
                  000135b6    0000003c     grlib.lib : context.obj (.text:Graphics_initContext)
                  000135f2    0000003c     rts430x_lc_rd_eabi.lib : read.c.obj (.text:read)
                  0001362e    0000003c                            : write.c.obj (.text:write)
                  0001366a    00000038     Sharp96x96.obj (.text:Sharp96x96_ColorTranslate)
                  000136a2    00000036     rts430x_lc_rd_eabi.lib : fopen.c.obj (.text:__TI_cleanup)
                  000136d8    00000036                            : trgmsg.c.obj (.text:__TI_writemsg)
                  0001370e    00000036     Sharp96x96.obj (.text:reverse)
                  00013744    00000032     rts430x_lc_rd_eabi.lib : trgmsg.c.obj (.text:__TI_readmsg)
                  00013776    00000032                            : strncpy.c.obj (.text:strncpy)
                  000137a8    00000030                            : unlink.c.obj (.text:unlink)
                  000137d8    0000002e                            : getdevice.c.obj (.text:finddevice)
                  00013806    0000002c     IO.obj (.text:get_keypad_input)
                  00013832    0000002c     rts430x_lc_rd_eabi.lib : div16s.asm.obj (.text)
                  0001385e    00000024                            : copy_zero_init.c.obj (.text:decompress:ZI:__TI_zero_init)
                  00013882    00000024                            : mult32_f5hw.asm.obj (.text)
                  000138a6    0000001e                            : memccpy.c.obj (.text:memccpy)
                  000138c4    0000001c     IO.obj (.text:disp_player_hand)
                  000138e0    0000001c     rts430x_lc_rd_eabi.lib : strchr.c.obj (.text:strchr)
                  000138fc    0000001c                            : strcmp.c.obj (.text:strcmp)
                  00013918    0000001a     grlib.lib : display.obj (.text:Graphics_drawHorizontalLineOnDisplay)
                  00013932    0000001a               : display.obj (.text:Graphics_drawVerticalLineOnDisplay)
                  0001394c    00000018               : context.obj (.text:Graphics_setBackgroundColor)
                  00013964    00000018               : context.obj (.text:Graphics_setForegroundColor)
                  0001397c    00000018     rts430x_lc_rd_eabi.lib : time.c.obj (.text:__time32)
                  00013994    00000018                            : mult16_f5hw.asm.obj (.text)
                  000139ac    00000016                            : memchr.c.obj (.text:memchr)
                  000139c2    00000016                            : memset.c.obj (.text:memset)
                  000139d8    00000016                            : div16u.asm.obj (.text)
                  000139ee    00000016                            : rand.c.obj (.text:srand)
                  00013a04    00000014     deck.obj (.text:get_val)
                  00013a18    00000014     peripherals.obj (.text:initLeds)
                  00013a2c    00000014     rts430x_lc_rd_eabi.lib : memcpy.c.obj (.text:memcpy)
                  00013a40    00000012                            : copy_decompress_none.c.obj (.text:decompress:none:__TI_decompress_none)
                  00013a52    00000012     IO.obj (.text:disp_bets)
                  00013a64    00000012     IO.obj (.text:disp_totals)
                  00013a76    00000012     rts430x_lc_rd_eabi.lib : strcpy.c.obj (.text:strcpy)
                  00013a88    00000010     grlib.lib : context.obj (.text:Graphics_clearDisplay)
                  00013a98    00000010     IO.obj (.text:disp_cpu_matched)
                  00013aa8    0000000e     grlib.lib : display.obj (.text:Graphics_clearDisplayOnDisplay)
                  00013ab6    0000000e               : display.obj (.text:Graphics_drawPixelOnDisplay)
                  00013ac4    0000000e               : display.obj (.text:Graphics_flushOnDisplay)
                  00013ad2    0000000e               : display.obj (.text:Graphics_translateColorOnDisplay)
                  00013ae0    0000000e     rts430x_lc_rd_eabi.lib : isxdigit.c.obj (.text:isxdigit)
                  00013aee    0000000e                            : strlen.c.obj (.text:strlen)
                  00013afc    0000000c                            : isspace.c.obj (.text:isspace)
                  00013b08    0000000a     grlib.lib : context.obj (.text:Graphics_flushBuffer)
                  00013b12    0000000a     rts430x_lc_rd_eabi.lib : fscanf.c.obj (.text:_uninpchar)
                  00013b1c    0000000a                            : asr16.asm.obj (.text)
                  00013b26    0000000a                            : lsl16.asm.obj (.text)
                  00013b30    00000008                            : fgetc.c.obj (.text:getchar)
                  00013b38    00000006     grlib.lib : context.obj (.text:Graphics_setFont)
                  00013b3e    00000006     rts430x_lc_rd_eabi.lib : fscanf.c.obj (.text:_inpchar)
                  00013b44    00000006                            : printf.c.obj (.text:_outc)
                  00013b4a    00000006                            : exit.c.obj (.text:abort)
                  00013b50    00000004                            : printf.c.obj (.text:_outs)
                  00013b54    00000004                            : pre_init.c.obj (.text:_system_pre_init)
                  00013b58    00000002                            : _lock.c.obj (.text:_nop)
                  00013b5a    00000002                            : startup.c.obj (.text:_system_post_cinit)
                  00013b5c    00000002     IO.obj (.text:disp_cut_req)
                  00013b5e    00000002     IO.obj (.text:disp_enter_bet)
                  00013b60    00000002     IO.obj (.text:disp_invalid_input)
                  00013b62    00000002     IO.obj (.text:disp_opening)
                  00013b64    00000002     IO.obj (.text:disp_req_match)

MODULE SUMMARY

       Module                                code    ro data   rw data
       ------                                ----    -------   -------
    .\
       main.obj                              924     70        6      
       IO.obj                                482     4         74     
       deck.obj                              212     0         0      
       peripherals.obj                       180     2         28     
    +--+-------------------------------------+-------+---------+---------+
       Total:                                1798    76        108    
                                                                      
    .\LcdDriver\
       Sharp96x96.obj                        1986    60        1154   
       HAL_MSP_EXP430FR5529_Sharp96x96.obj   106     0         0      
    +--+-------------------------------------+-------+---------+---------+
       Total:                                2092    60        1154   
                                                                      
    .\fonts\
       fontfixed6x8.obj                      0       960       0      
    +--+-------------------------------------+-------+---------+---------+
       Total:                                0       960       0      
                                                                      
    ../lib/grlib.lib
       string.obj                            2422    0         0      
       line.obj                              430     0         0      
       rectangle.obj                         260     0         0      
       context.obj                           140     0         0      
       display.obj                           108     0         0      
    +--+-------------------------------------+-------+---------+---------+
       Total:                                3360    0         0      
                                                                      
    C:\ti\ccs800\ccsv8\tools\compiler\ti-cgt-msp430_18.1.1.LTS\lib\rts430x_lc_rd_eabi.lib
       _scanfi_min.c.obj                     1302    13        0      
       _printfi_min.c.obj                    816     20        0      
       strtol.c.obj                          572     0         0      
       strtoul.c.obj                         460     0         0      
       memory.c.obj                          396     0         12     
       trgmsg.c.obj                          104     0         288    
       defs.c.obj                            0       0         362    
       ctype.c.obj                           0       257       0      
       fscanf.c.obj                          242     0         0      
       fputs.c.obj                           240     0         0      
       write.c.obj                           60      0         180    
       setvbuf.c.obj                         222     0         0      
       _io_perm.c.obj                        216     0         0      
       hostlseek.c.obj                       154     0         0      
       fgetc.c.obj                           152     0         0      
       _bufread.c.obj                        146     0         0      
       fputc.c.obj                           144     0         0      
       getdevice.c.obj                       136     0         0      
       ungetc.c.obj                          136     0         0      
       hostopen.c.obj                        112     0         8      
       copy_decompress_lzss.c.obj            118     0         0      
       fclose.c.obj                          116     0         0      
       hostrename.c.obj                      116     0         0      
       hostwrite.c.obj                       108     0         0      
       fseek.c.obj                           106     0         0      
       hostread.c.obj                        106     0         0      
       fflush.c.obj                          100     0         0      
       close.c.obj                           90      0         0      
       rand.c.obj                            86      0         4      
       div32u.asm.obj                        88      0         0      
       hosttime.c.obj                        86      0         0      
       autoinit.c.obj                        84      0         0      
       printf.c.obj                          84      0         0      
       exit.c.obj                            80      0         2      
       hostclose.c.obj                       78      0         0      
       hostunlink.c.obj                      70      0         0      
       div32s.asm.obj                        64      0         0      
       lseek.c.obj                           62      0         0      
       lsl32.asm.obj                         62      0         0      
       read.c.obj                            60      0         0      
       fopen.c.obj                           54      0         0      
       strncpy.c.obj                         50      0         0      
       unlink.c.obj                          48      0         0      
       div16s.asm.obj                        44      0         0      
       copy_zero_init.c.obj                  36      0         0      
       mult32_f5hw.asm.obj                   36      0         0      
       boot.c.obj                            28      2         0      
       memccpy.c.obj                         30      0         0      
       strchr.c.obj                          28      0         0      
       strcmp.c.obj                          28      0         0      
       mult16_f5hw.asm.obj                   24      0         0      
       time.c.obj                            24      0         0      
       div16u.asm.obj                        22      0         0      
       memchr.c.obj                          22      0         0      
       memset.c.obj                          22      0         0      
       memcpy.c.obj                          20      0         0      
       copy_decompress_none.c.obj            18      0         0      
       strcpy.c.obj                          18      0         0      
       isxdigit.c.obj                        14      0         0      
       strlen.c.obj                          14      0         0      
       isspace.c.obj                         12      0         0      
       _lock.c.obj                           2       0         8      
       asr16.asm.obj                         10      0         0      
       lsl16.asm.obj                         10      0         0      
       exit_gvars.c.obj                      0       0         8      
       isr_trap.asm.obj                      8       0         0      
       pre_init.c.obj                        4       0         0      
       errno.c.obj                           0       0         2      
       int41.asm.obj                         0       2         0      
       int42.asm.obj                         0       2         0      
       int43.asm.obj                         0       2         0      
       int44.asm.obj                         0       2         0      
       int45.asm.obj                         0       2         0      
       int46.asm.obj                         0       2         0      
       int47.asm.obj                         0       2         0      
       int48.asm.obj                         0       2         0      
       int50.asm.obj                         0       2         0      
       int51.asm.obj                         0       2         0      
       int52.asm.obj                         0       2         0      
       int53.asm.obj                         0       2         0      
       int54.asm.obj                         0       2         0      
       int55.asm.obj                         0       2         0      
       int56.asm.obj                         0       2         0      
       int57.asm.obj                         0       2         0      
       int58.asm.obj                         0       2         0      
       int59.asm.obj                         0       2         0      
       int60.asm.obj                         0       2         0      
       int61.asm.obj                         0       2         0      
       int62.asm.obj                         0       2         0      
       startup.c.obj                         2       0         0      
    +--+-------------------------------------+-------+---------+---------+
       Total:                                8002    334       874    
                                                                      
       Heap:                                 0       0         160    
       Stack:                                0       0         160    
       Linker Generated:                     0       126       0      
    +--+-------------------------------------+-------+---------+---------+
       Grand Total:                          15252   1556      2456   


LINKER GENERATED COPY TABLES

__TI_cinit_table @ 00004a06 records: 2, size/record: 8, table size: 16
	.data: load addr=00004998, load size=0000005c bytes, run addr=0000299c, run size=0000019c bytes, compression=lzss
	.bss: load addr=00004a00, load size=00000006 bytes, run addr=00002400, run size=0000059c bytes, compression=zero_init


LINKER GENERATED HANDLER TABLE

__TI_handler_table @ 000049f4 records: 3, size/record: 4, table size: 12
	index: 0, handler: __TI_zero_init
	index: 1, handler: __TI_decompress_lzss
	index: 2, handler: __TI_decompress_none


GLOBAL SYMBOLS: SORTED ALPHABETICALLY BY Name 

address   name                                   
-------   ----                                   
00000700  ADC12CTL0                              
00000701  ADC12CTL0_H                            
00000700  ADC12CTL0_L                            
00000702  ADC12CTL1                              
00000703  ADC12CTL1_H                            
00000702  ADC12CTL1_L                            
00000704  ADC12CTL2                              
00000705  ADC12CTL2_H                            
00000704  ADC12CTL2_L                            
0000070c  ADC12IE                                
0000070d  ADC12IE_H                              
0000070c  ADC12IE_L                              
0000070a  ADC12IFG                               
0000070b  ADC12IFG_H                             
0000070a  ADC12IFG_L                             
0000070e  ADC12IV                                
0000070f  ADC12IV_H                              
0000070e  ADC12IV_L                              
00000710  ADC12MCTL0                             
00000711  ADC12MCTL1                             
0000071a  ADC12MCTL10                            
0000071b  ADC12MCTL11                            
0000071c  ADC12MCTL12                            
0000071d  ADC12MCTL13                            
0000071e  ADC12MCTL14                            
0000071f  ADC12MCTL15                            
00000712  ADC12MCTL2                             
00000713  ADC12MCTL3                             
00000714  ADC12MCTL4                             
00000715  ADC12MCTL5                             
00000716  ADC12MCTL6                             
00000717  ADC12MCTL7                             
00000718  ADC12MCTL8                             
00000719  ADC12MCTL9                             
00000720  ADC12MEM0                              
00000721  ADC12MEM0_H                            
00000720  ADC12MEM0_L                            
00000722  ADC12MEM1                              
00000734  ADC12MEM10                             
00000735  ADC12MEM10_H                           
00000734  ADC12MEM10_L                           
00000736  ADC12MEM11                             
00000737  ADC12MEM11_H                           
00000736  ADC12MEM11_L                           
00000738  ADC12MEM12                             
00000739  ADC12MEM12_H                           
00000738  ADC12MEM12_L                           
0000073a  ADC12MEM13                             
0000073b  ADC12MEM13_H                           
0000073a  ADC12MEM13_L                           
0000073c  ADC12MEM14                             
0000073d  ADC12MEM14_H                           
0000073c  ADC12MEM14_L                           
0000073e  ADC12MEM15                             
0000073f  ADC12MEM15_H                           
0000073e  ADC12MEM15_L                           
00000723  ADC12MEM1_H                            
00000722  ADC12MEM1_L                            
00000724  ADC12MEM2                              
00000725  ADC12MEM2_H                            
00000724  ADC12MEM2_L                            
00000726  ADC12MEM3                              
00000727  ADC12MEM3_H                            
00000726  ADC12MEM3_L                            
00000728  ADC12MEM4                              
00000729  ADC12MEM4_H                            
00000728  ADC12MEM4_L                            
0000072a  ADC12MEM5                              
0000072b  ADC12MEM5_H                            
0000072a  ADC12MEM5_L                            
0000072c  ADC12MEM6                              
0000072d  ADC12MEM6_H                            
0000072c  ADC12MEM6_L                            
0000072e  ADC12MEM7                              
0000072f  ADC12MEM7_H                            
0000072e  ADC12MEM7_L                            
00000730  ADC12MEM8                              
00000731  ADC12MEM8_H                            
00000730  ADC12MEM8_L                            
00000732  ADC12MEM9                              
00000733  ADC12MEM9_H                            
00000732  ADC12MEM9_L                            
00013b4a  C$$EXIT                                
0001370a  C$$IO$$                                
000008c0  CBCTL0                                 
000008c1  CBCTL0_H                               
000008c0  CBCTL0_L                               
000008c2  CBCTL1                                 
000008c3  CBCTL1_H                               
000008c2  CBCTL1_L                               
000008c4  CBCTL2                                 
000008c5  CBCTL2_H                               
000008c4  CBCTL2_L                               
000008c6  CBCTL3                                 
000008c7  CBCTL3_H                               
000008c6  CBCTL3_L                               
000008cc  CBINT                                  
000008cd  CBINT_H                                
000008cc  CBINT_L                                
000008ce  CBIV                                   
00000150  CRCDI                                  
00000152  CRCDIRB                                
00000153  CRCDIRB_H                              
00000152  CRCDIRB_L                              
00000151  CRCDI_H                                
00000150  CRCDI_L                                
00000154  CRCINIRES                              
00000155  CRCINIRES_H                            
00000154  CRCINIRES_L                            
00000156  CRCRESR                                
00000157  CRCRESR_H                              
00000156  CRCRESR_L                              
00000510  DMA0CTL                                
00000511  DMA0CTL_H                              
00000510  DMA0CTL_L                              
00000516  DMA0DA                                 
00000518  DMA0DAH                                
00000516  DMA0DAL                                
00000512  DMA0SA                                 
00000514  DMA0SAH                                
00000512  DMA0SAL                                
0000051a  DMA0SZ                                 
00000520  DMA1CTL                                
00000521  DMA1CTL_H                              
00000520  DMA1CTL_L                              
00000526  DMA1DA                                 
00000528  DMA1DAH                                
00000526  DMA1DAL                                
00000522  DMA1SA                                 
00000524  DMA1SAH                                
00000522  DMA1SAL                                
0000052a  DMA1SZ                                 
00000530  DMA2CTL                                
00000531  DMA2CTL_H                              
00000530  DMA2CTL_L                              
00000536  DMA2DA                                 
00000538  DMA2DAH                                
00000536  DMA2DAL                                
00000532  DMA2SA                                 
00000534  DMA2SAH                                
00000532  DMA2SAL                                
0000053a  DMA2SZ                                 
00000500  DMACTL0                                
00000501  DMACTL0_H                              
00000500  DMACTL0_L                              
00000502  DMACTL1                                
00000503  DMACTL1_H                              
00000502  DMACTL1_L                              
00000504  DMACTL2                                
00000505  DMACTL2_H                              
00000504  DMACTL2_L                              
00000506  DMACTL3                                
00000507  DMACTL3_H                              
00000506  DMACTL3_L                              
00000508  DMACTL4                                
00000509  DMACTL4_H                              
00000508  DMACTL4_L                              
0000050e  DMAIV                                  
0000050f  DMAIV_H                                
0000050e  DMAIV_L                                
00002400  DisplayBuffer                          
00000140  FCTL1                                  
00000141  FCTL1_H                                
00000140  FCTL1_L                                
00000144  FCTL3                                  
00000145  FCTL3_H                                
00000144  FCTL3_L                                
00000146  FCTL4                                  
00000147  FCTL4_H                                
00000146  FCTL4_L                                
00013a88  Graphics_clearDisplay                  
00013aa8  Graphics_clearDisplayOnDisplay         
00013918  Graphics_drawHorizontalLineOnDisplay   
00011d48  Graphics_drawLineH                     
00011fda  Graphics_drawLineV                     
00013ab6  Graphics_drawPixelOnDisplay            
0001187e  Graphics_drawRectangle                 
00010000  Graphics_drawString                    
000129fa  Graphics_drawStringCentered            
00013932  Graphics_drawVerticalLineOnDisplay     
00013b08  Graphics_flushBuffer                   
00013ac4  Graphics_flushOnDisplay                
000120ac  Graphics_getStringWidth                
000135b6  Graphics_initContext                   
0001394c  Graphics_setBackgroundColor            
00013b38  Graphics_setFont                       
00013964  Graphics_setForegroundColor            
00013ad2  Graphics_translateColorOnDisplay       
00013228  HOSTclose                              
000124f6  HOSTlseek                              
00012bd0  HOSTopen                               
00012cac  HOSTread                               
00012ae8  HOSTrename                             
000130dc  HOSTtime                               
00013432  HOSTunlink                             
00012c40  HOSTwrite                              
000004c4  MAC                                    
000004da  MAC32H                                 
000004db  MAC32H_H                               
000004da  MAC32H_L                               
000004d8  MAC32L                                 
000004d9  MAC32L_H                               
000004d8  MAC32L_L                               
000004c6  MACS                                   
000004de  MACS32H                                
000004df  MACS32H_H                              
000004de  MACS32H_L                              
000004dc  MACS32L                                
000004dd  MACS32L_H                              
000004dc  MACS32L_L                              
000004c7  MACS_H                                 
000004c6  MACS_L                                 
000004c5  MAC_H                                  
000004c4  MAC_L                                  
000004c0  MPY                                    
000004ec  MPY32CTL0                              
000004ed  MPY32CTL0_H                            
000004ec  MPY32CTL0_L                            
000004d2  MPY32H                                 
000004d3  MPY32H_H                               
000004d2  MPY32H_L                               
000004d0  MPY32L                                 
000004d1  MPY32L_H                               
000004d0  MPY32L_L                               
000004c2  MPYS                                   
000004d6  MPYS32H                                
000004d7  MPYS32H_H                              
000004d6  MPYS32H_L                              
000004d4  MPYS32L                                
000004d5  MPYS32L_H                              
000004d4  MPYS32L_L                              
000004c3  MPYS_H                                 
000004c2  MPYS_L                                 
000004c1  MPY_H                                  
000004c0  MPY_L                                  
000004c8  OP2                                    
000004e2  OP2H                                   
000004e3  OP2H_H                                 
000004e2  OP2H_L                                 
000004e0  OP2L                                   
000004e1  OP2L_H                                 
000004e0  OP2L_L                                 
000004c9  OP2_H                                  
000004c8  OP2_L                                  
0000020e  P1IV                                   
0000021e  P2IV                                   
000001e0  P4MAP01                                
000001e1  P4MAP01_H                              
000001e0  P4MAP01_L                              
000001e2  P4MAP23                                
000001e3  P4MAP23_H                              
000001e2  P4MAP23_L                              
000001e4  P4MAP45                                
000001e5  P4MAP45_H                              
000001e4  P4MAP45_L                              
000001e6  P4MAP67                                
000001e7  P4MAP67_H                              
000001e6  P4MAP67_L                              
00000204  PADIR                                  
00000205  PADIR_H                                
00000204  PADIR_L                                
00000208  PADS                                   
00000209  PADS_H                                 
00000208  PADS_L                                 
0000021a  PAIE                                   
00000218  PAIES                                  
00000219  PAIES_H                                
00000218  PAIES_L                                
0000021b  PAIE_H                                 
0000021a  PAIE_L                                 
0000021c  PAIFG                                  
0000021d  PAIFG_H                                
0000021c  PAIFG_L                                
00000200  PAIN                                   
00000201  PAIN_H                                 
00000200  PAIN_L                                 
00000202  PAOUT                                  
00000203  PAOUT_H                                
00000202  PAOUT_L                                
00000206  PAREN                                  
00000207  PAREN_H                                
00000206  PAREN_L                                
0000020a  PASEL                                  
0000020b  PASEL_H                                
0000020a  PASEL_L                                
00000224  PBDIR                                  
00000225  PBDIR_H                                
00000224  PBDIR_L                                
00000228  PBDS                                   
00000229  PBDS_H                                 
00000228  PBDS_L                                 
00000220  PBIN                                   
00000221  PBIN_H                                 
00000220  PBIN_L                                 
00000222  PBOUT                                  
00000223  PBOUT_H                                
00000222  PBOUT_L                                
00000226  PBREN                                  
00000227  PBREN_H                                
00000226  PBREN_L                                
0000022a  PBSEL                                  
0000022b  PBSEL_H                                
0000022a  PBSEL_L                                
00000244  PCDIR                                  
00000245  PCDIR_H                                
00000244  PCDIR_L                                
00000248  PCDS                                   
00000249  PCDS_H                                 
00000248  PCDS_L                                 
00000240  PCIN                                   
00000241  PCIN_H                                 
00000240  PCIN_L                                 
00000242  PCOUT                                  
00000243  PCOUT_H                                
00000242  PCOUT_L                                
00000246  PCREN                                  
00000247  PCREN_H                                
00000246  PCREN_L                                
0000024a  PCSEL                                  
0000024b  PCSEL_H                                
0000024a  PCSEL_L                                
00000264  PDDIR                                  
00000265  PDDIR_H                                
00000264  PDDIR_L                                
00000268  PDDS                                   
00000269  PDDS_H                                 
00000268  PDDS_L                                 
00000260  PDIN                                   
00000261  PDIN_H                                 
00000260  PDIN_L                                 
00000262  PDOUT                                  
00000263  PDOUT_H                                
00000262  PDOUT_L                                
00000266  PDREN                                  
00000267  PDREN_H                                
00000266  PDREN_L                                
0000026a  PDSEL                                  
0000026b  PDSEL_H                                
0000026a  PDSEL_L                                
00000324  PJDIR                                  
00000325  PJDIR_H                                
00000324  PJDIR_L                                
00000328  PJDS                                   
00000329  PJDS_H                                 
00000328  PJDS_L                                 
00000320  PJIN                                   
00000321  PJIN_H                                 
00000320  PJIN_L                                 
00000322  PJOUT                                  
00000323  PJOUT_H                                
00000322  PJOUT_L                                
00000326  PJREN                                  
00000327  PJREN_H                                
00000326  PJREN_L                                
00000130  PM5CTL0                                
00000131  PM5CTL0_H                              
00000130  PM5CTL0_L                              
000001c2  PMAPCTL                                
000001c3  PMAPCTL_H                              
000001c2  PMAPCTL_L                              
000001c0  PMAPKEYID                              
000001c1  PMAPKEYID_H                            
000001c0  PMAPKEYID_L                            
00000120  PMMCTL0                                
00000121  PMMCTL0_H                              
00000120  PMMCTL0_L                              
00000122  PMMCTL1                                
00000123  PMMCTL1_H                              
00000122  PMMCTL1_L                              
0000012c  PMMIFG                                 
0000012d  PMMIFG_H                               
0000012c  PMMIFG_L                               
0000012e  PMMRIE                                 
0000012f  PMMRIE_H                               
0000012e  PMMRIE_L                               
00000158  RCCTL0                                 
00000159  RCCTL0_H                               
00000158  RCCTL0_L                               
000001b0  REFCTL0                                
000001b1  REFCTL0_H                              
000001b0  REFCTL0_L                              
000004e4  RES0                                   
000004e5  RES0_H                                 
000004e4  RES0_L                                 
000004e6  RES1                                   
000004e7  RES1_H                                 
000004e6  RES1_L                                 
000004e8  RES2                                   
000004e9  RES2_H                                 
000004e8  RES2_L                                 
000004ea  RES3                                   
000004eb  RES3_H                                 
000004ea  RES3_L                                 
000004cc  RESHI                                  
000004cd  RESHI_H                                
000004cc  RESHI_L                                
000004ca  RESLO                                  
000004cb  RESLO_H                                
000004ca  RESLO_L                                
000004ba  RTCADOWDAY                             
000004bb  RTCADOWDAY_H                           
000004ba  RTCADOWDAY_L                           
000004b8  RTCAMINHR                              
000004b9  RTCAMINHR_H                            
000004b8  RTCAMINHR_L                            
000004a0  RTCCTL01                               
000004a1  RTCCTL01_H                             
000004a0  RTCCTL01_L                             
000004a2  RTCCTL23                               
000004a3  RTCCTL23_H                             
000004a2  RTCCTL23_L                             
000004b4  RTCDATE                                
000004b5  RTCDATE_H                              
000004b4  RTCDATE_L                              
000004ae  RTCIV                                  
000004ac  RTCPS                                  
000004a8  RTCPS0CTL                              
000004a9  RTCPS0CTL_H                            
000004a8  RTCPS0CTL_L                            
000004aa  RTCPS1CTL                              
000004ab  RTCPS1CTL_H                            
000004aa  RTCPS1CTL_L                            
000004ad  RTCPS_H                                
000004ac  RTCPS_L                                
000004b0  RTCTIM0                                
000004b1  RTCTIM0_H                              
000004b0  RTCTIM0_L                              
000004b2  RTCTIM1                                
000004b3  RTCTIM1_H                              
000004b2  RTCTIM1_L                              
000004b6  RTCYEAR                                
000004b7  RTCYEAR_H                              
000004b6  RTCYEAR_L                              
00000100  SFRIE1                                 
00000101  SFRIE1_H                               
00000100  SFRIE1_L                               
00000102  SFRIFG1                                
00000103  SFRIFG1_H                              
00000102  SFRIFG1_L                              
00000104  SFRRPCR                                
00000105  SFRRPCR_H                              
00000104  SFRRPCR_L                              
000004ce  SUMEXT                                 
000004cf  SUMEXT_H                               
000004ce  SUMEXT_L                               
00000124  SVSMHCTL                               
00000125  SVSMHCTL_H                             
00000124  SVSMHCTL_L                             
00000128  SVSMIO                                 
00000129  SVSMIO_H                               
00000128  SVSMIO_L                               
00000126  SVSMLCTL                               
00000127  SVSMLCTL_H                             
00000126  SVSMLCTL_L                             
00000198  SYSBERRIV                              
00000199  SYSBERRIV_H                            
00000198  SYSBERRIV_L                            
00000182  SYSBSLC                                
00000183  SYSBSLC_H                              
00000182  SYSBSLC_L                              
00000180  SYSCTL                                 
00000181  SYSCTL_H                               
00000180  SYSCTL_L                               
00000186  SYSJMBC                                
00000187  SYSJMBC_H                              
00000186  SYSJMBC_L                              
00000188  SYSJMBI0                               
00000189  SYSJMBI0_H                             
00000188  SYSJMBI0_L                             
0000018a  SYSJMBI1                               
0000018b  SYSJMBI1_H                             
0000018a  SYSJMBI1_L                             
0000018c  SYSJMBO0                               
0000018d  SYSJMBO0_H                             
0000018c  SYSJMBO0_L                             
0000018e  SYSJMBO1                               
0000018f  SYSJMBO1_H                             
0000018e  SYSJMBO1_L                             
0000019e  SYSRSTIV                               
0000019f  SYSRSTIV_H                             
0000019e  SYSRSTIV_L                             
0000019c  SYSSNIV                                
0000019d  SYSSNIV_H                              
0000019c  SYSSNIV_L                              
0000019a  SYSUNIV                                
0000019b  SYSUNIV_H                              
0000019a  SYSUNIV_L                              
00012d16  Sharp96x96_ClearScreen                 
00011a86  Sharp96x96_Flush                       
00012d80  Sharp96x96_Init                        
000123b8  Sharp96x96_PixelDraw                   
00013186  Sharp96x96_SendToggleVCOMCommand       
00000352  TA0CCR0                                
00000354  TA0CCR1                                
00000356  TA0CCR2                                
00000358  TA0CCR3                                
0000035a  TA0CCR4                                
00000342  TA0CCTL0                               
00000344  TA0CCTL1                               
00000346  TA0CCTL2                               
00000348  TA0CCTL3                               
0000034a  TA0CCTL4                               
00000340  TA0CTL                                 
00000360  TA0EX0                                 
0000036e  TA0IV                                  
00000350  TA0R                                   
00000392  TA1CCR0                                
00000394  TA1CCR1                                
00000396  TA1CCR2                                
00000382  TA1CCTL0                               
00000384  TA1CCTL1                               
00000386  TA1CCTL2                               
00000380  TA1CTL                                 
000003a0  TA1EX0                                 
000003ae  TA1IV                                  
00000390  TA1R                                   
00000412  TA2CCR0                                
00000414  TA2CCR1                                
00000416  TA2CCR2                                
00000402  TA2CCTL0                               
00000404  TA2CCTL1                               
00000406  TA2CCTL2                               
00000400  TA2CTL                                 
00000420  TA2EX0                                 
0000042e  TA2IV                                  
00000410  TA2R                                   
000003d2  TB0CCR0                                
000003d4  TB0CCR1                                
000003d6  TB0CCR2                                
000003d8  TB0CCR3                                
000003da  TB0CCR4                                
000003dc  TB0CCR5                                
000003de  TB0CCR6                                
000003c2  TB0CCTL0                               
000003c4  TB0CCTL1                               
000003c6  TB0CCTL2                               
000003c8  TB0CCTL3                               
000003ca  TB0CCTL4                               
000003cc  TB0CCTL5                               
000003ce  TB0CCTL6                               
000003c0  TB0CTL                                 
000003e0  TB0EX0                                 
000003ee  TB0IV                                  
000003d0  TB0R                                   
0000441c  TIMER1_A0_ISR                          
000005d0  UCA0ABCTL                              
000005c6  UCA0BRW                                
000005c7  UCA0BRW_H                              
000005c6  UCA0BRW_L                              
000005c0  UCA0CTLW0                              
000005c1  UCA0CTLW0_H                            
000005c0  UCA0CTLW0_L                            
000005dc  UCA0ICTL                               
000005dd  UCA0ICTL_H                             
000005dc  UCA0ICTL_L                             
000005d2  UCA0IRCTL                              
000005d3  UCA0IRCTL_H                            
000005d2  UCA0IRCTL_L                            
000005de  UCA0IV                                 
000005c8  UCA0MCTL                               
000005cc  UCA0RXBUF                              
000005ca  UCA0STAT                               
000005ce  UCA0TXBUF                              
00000610  UCA1ABCTL                              
00000606  UCA1BRW                                
00000607  UCA1BRW_H                              
00000606  UCA1BRW_L                              
00000600  UCA1CTLW0                              
00000601  UCA1CTLW0_H                            
00000600  UCA1CTLW0_L                            
0000061c  UCA1ICTL                               
0000061d  UCA1ICTL_H                             
0000061c  UCA1ICTL_L                             
00000612  UCA1IRCTL                              
00000613  UCA1IRCTL_H                            
00000612  UCA1IRCTL_L                            
0000061e  UCA1IV                                 
00000608  UCA1MCTL                               
0000060c  UCA1RXBUF                              
0000060a  UCA1STAT                               
0000060e  UCA1TXBUF                              
000005e6  UCB0BRW                                
000005e7  UCB0BRW_H                              
000005e6  UCB0BRW_L                              
000005e0  UCB0CTLW0                              
000005e1  UCB0CTLW0_H                            
000005e0  UCB0CTLW0_L                            
000005f0  UCB0I2COA                              
000005f1  UCB0I2COA_H                            
000005f0  UCB0I2COA_L                            
000005f2  UCB0I2CSA                              
000005f3  UCB0I2CSA_H                            
000005f2  UCB0I2CSA_L                            
000005fc  UCB0ICTL                               
000005fd  UCB0ICTL_H                             
000005fc  UCB0ICTL_L                             
000005fe  UCB0IV                                 
000005ec  UCB0RXBUF                              
000005ea  UCB0STAT                               
000005ee  UCB0TXBUF                              
00000626  UCB1BRW                                
00000627  UCB1BRW_H                              
00000626  UCB1BRW_L                              
00000620  UCB1CTLW0                              
00000621  UCB1CTLW0_H                            
00000620  UCB1CTLW0_L                            
00000630  UCB1I2COA                              
00000631  UCB1I2COA_H                            
00000630  UCB1I2COA_L                            
00000632  UCB1I2CSA                              
00000633  UCB1I2CSA_H                            
00000632  UCB1I2CSA_L                            
0000063c  UCB1ICTL                               
0000063d  UCB1ICTL_H                             
0000063c  UCB1ICTL_L                             
0000063e  UCB1IV                                 
0000062c  UCB1RXBUF                              
0000062a  UCB1STAT                               
0000062e  UCB1TXBUF                              
00000160  UCSCTL0                                
00000161  UCSCTL0_H                              
00000160  UCSCTL0_L                              
00000162  UCSCTL1                                
00000163  UCSCTL1_H                              
00000162  UCSCTL1_L                              
00000164  UCSCTL2                                
00000165  UCSCTL2_H                              
00000164  UCSCTL2_L                              
00000166  UCSCTL3                                
00000167  UCSCTL3_H                              
00000166  UCSCTL3_L                              
00000168  UCSCTL4                                
00000169  UCSCTL4_H                              
00000168  UCSCTL4_L                              
0000016a  UCSCTL5                                
0000016b  UCSCTL5_H                              
0000016a  UCSCTL5_L                              
0000016c  UCSCTL6                                
0000016d  UCSCTL6_H                              
0000016c  UCSCTL6_L                              
0000016e  UCSCTL7                                
0000016f  UCSCTL7_H                              
0000016e  UCSCTL7_L                              
00000170  UCSCTL8                                
00000171  UCSCTL8_H                              
00000170  UCSCTL8_L                              
00000902  USBCNF                                 
00000903  USBCNF_H                               
00000902  USBCNF_L                               
0000093c  USBCTL                                 
0000093a  USBFN                                  
0000093b  USBFN_H                                
0000093a  USBFN_L                                
0000093f  USBFUNADR                              
0000093d  USBIE                                  
00002378  USBIEP0BUF                             
000023c9  USBIEPBBAX_1                           
000023d1  USBIEPBBAX_2                           
000023d9  USBIEPBBAX_3                           
000023e1  USBIEPBBAX_4                           
000023e9  USBIEPBBAX_5                           
000023f1  USBIEPBBAX_6                           
000023f9  USBIEPBBAX_7                           
000023cd  USBIEPBBAY_1                           
000023d5  USBIEPBBAY_2                           
000023dd  USBIEPBBAY_3                           
000023e5  USBIEPBBAY_4                           
000023ed  USBIEPBBAY_5                           
000023f5  USBIEPBBAY_6                           
000023fd  USBIEPBBAY_7                           
000023ca  USBIEPBCTX_1                           
000023d2  USBIEPBCTX_2                           
000023da  USBIEPBCTX_3                           
000023e2  USBIEPBCTX_4                           
000023ea  USBIEPBCTX_5                           
000023f2  USBIEPBCTX_6                           
000023fa  USBIEPBCTX_7                           
000023ce  USBIEPBCTY_1                           
000023d6  USBIEPBCTY_2                           
000023de  USBIEPBCTY_3                           
000023e6  USBIEPBCTY_4                           
000023ee  USBIEPBCTY_5                           
000023f6  USBIEPBCTY_6                           
000023fe  USBIEPBCTY_7                           
00000920  USBIEPCNF_0                            
000023c8  USBIEPCNF_1                            
000023d0  USBIEPCNF_2                            
000023d8  USBIEPCNF_3                            
000023e0  USBIEPCNF_4                            
000023e8  USBIEPCNF_5                            
000023f0  USBIEPCNF_6                            
000023f8  USBIEPCNF_7                            
00000921  USBIEPCNT_0                            
0000092e  USBIEPIE                               
00000930  USBIEPIFG                              
000023cf  USBIEPSIZXY_1                          
000023d7  USBIEPSIZXY_2                          
000023df  USBIEPSIZXY_3                          
000023e7  USBIEPSIZXY_4                          
000023ef  USBIEPSIZXY_5                          
000023f7  USBIEPSIZXY_6                          
000023ff  USBIEPSIZXY_7                          
0000093e  USBIFG                                 
00000900  USBKEYID                               
00000901  USBKEYID_H                             
00000900  USBKEYID_L                             
00000936  USBMAINT                               
00000937  USBMAINT_H                             
00000936  USBMAINT_L                             
00002370  USBOEP0BUF                             
00002389  USBOEPBBAX_1                           
00002391  USBOEPBBAX_2                           
00002399  USBOEPBBAX_3                           
000023a1  USBOEPBBAX_4                           
000023a9  USBOEPBBAX_5                           
000023b1  USBOEPBBAX_6                           
000023b9  USBOEPBBAX_7                           
0000238d  USBOEPBBAY_1                           
00002395  USBOEPBBAY_2                           
0000239d  USBOEPBBAY_3                           
000023a5  USBOEPBBAY_4                           
000023ad  USBOEPBBAY_5                           
000023b5  USBOEPBBAY_6                           
000023bd  USBOEPBBAY_7                           
0000238a  USBOEPBCTX_1                           
00002392  USBOEPBCTX_2                           
0000239a  USBOEPBCTX_3                           
000023a2  USBOEPBCTX_4                           
000023aa  USBOEPBCTX_5                           
000023b2  USBOEPBCTX_6                           
000023ba  USBOEPBCTX_7                           
0000238e  USBOEPBCTY_1                           
00002396  USBOEPBCTY_2                           
0000239e  USBOEPBCTY_3                           
000023a6  USBOEPBCTY_4                           
000023ae  USBOEPBCTY_5                           
000023b6  USBOEPBCTY_6                           
000023be  USBOEPBCTY_7                           
00000922  USBOEPCNF_0                            
00002388  USBOEPCNF_1                            
00002390  USBOEPCNF_2                            
00002398  USBOEPCNF_3                            
000023a0  USBOEPCNF_4                            
000023a8  USBOEPCNF_5                            
000023b0  USBOEPCNF_6                            
000023b8  USBOEPCNF_7                            
00000923  USBOEPCNT_0                            
0000092f  USBOEPIE                               
00000931  USBOEPIFG                              
0000238f  USBOEPSIZXY_1                          
00002397  USBOEPSIZXY_2                          
0000239f  USBOEPSIZXY_3                          
000023a7  USBOEPSIZXY_4                          
000023af  USBOEPSIZXY_5                          
000023b7  USBOEPSIZXY_6                          
000023bf  USBOEPSIZXY_7                          
00000904  USBPHYCTL                              
00000905  USBPHYCTL_H                            
00000904  USBPHYCTL_L                            
00000910  USBPLLCTL                              
00000911  USBPLLCTL_H                            
00000910  USBPLLCTL_L                            
00000912  USBPLLDIVB                             
00000913  USBPLLDIVB_H                           
00000912  USBPLLDIVB_L                           
00000914  USBPLLIR                               
00000915  USBPLLIR_H                             
00000914  USBPLLIR_L                             
00000908  USBPWRCTL                              
00000909  USBPWRCTL_H                            
00000908  USBPWRCTL_L                            
00001c00  USBSTABUFF                             
00002380  USBSUBLK                               
0000236f  USBTOPBUFF                             
00000938  USBTSREG                               
00000939  USBTSREG_H                             
00000938  USBTSREG_L                             
00000932  USBVECINT                              
00000933  USBVECINT_H                            
00000932  USBVECINT_L                            
00002b2c  VCOMbit                                
0000015c  WDTCTL                                 
0000015d  WDTCTL_H                               
0000015c  WDTCTL_L                               
00002b38  _CIOBUF_                               
00004400  __STACK_END                            
000000a0  __STACK_SIZE                           
000000a0  __SYSMEM_SIZE                          
00004a06  __TI_CINIT_Base                        
00004a16  __TI_CINIT_Limit                       
000049f4  __TI_Handler_Table_Base                
00004a00  __TI_Handler_Table_Limit               
00004426  __TI_ISR_TRAP                          
00013132  __TI_auto_init_nobinit_nopinit_hold_wdt
00012622  __TI_buff_read                         
000136a2  __TI_cleanup                           
00002b18  __TI_cleanup_ptr                       
00012b5c  __TI_closefile                         
00012a72  __TI_decompress_lzss                   
00013a40  __TI_decompress_none                   
00012eba  __TI_doflush                           
00002b1c  __TI_dtors_ptr                         
00002b34  __TI_enable_exit_profile_output        
00002b30  __TI_ft_end                            
0000ffd2  __TI_int41                             
0000ffd4  __TI_int42                             
0000ffd6  __TI_int43                             
0000ffd8  __TI_int44                             
0000ffda  __TI_int45                             
0000ffdc  __TI_int46                             
0000ffde  __TI_int47                             
0000ffe0  __TI_int48                             
0000ffe2  __TI_int49                             
0000ffe4  __TI_int50                             
0000ffe6  __TI_int51                             
0000ffe8  __TI_int52                             
0000ffea  __TI_int53                             
0000ffec  __TI_int54                             
0000ffee  __TI_int55                             
0000fff0  __TI_int56                             
0000fff2  __TI_int57                             
0000fff4  __TI_int58                             
0000fff6  __TI_int59                             
0000fff8  __TI_int60                             
0000fffa  __TI_int61                             
0000fffc  __TI_int62                             
ffffffff  __TI_pprof_out_hndl                    
00011e24  __TI_printfi_minimal                   
ffffffff  __TI_prof_data_size                    
ffffffff  __TI_prof_data_start                   
00012f1e  __TI_rd_ok                             
00013744  __TI_readmsg                           
00010b82  __TI_scanfi_minimal                    
00002880  __TI_tmpnams                           
000136d8  __TI_writemsg                          
0001297c  __TI_wrt_ok                            
0001385e  __TI_zero_init                         
ffffffff  __c_args__                             
00013832  __mspabi_divi                          
000134fa  __mspabi_divli                         
000139d8  __mspabi_divu                          
00013084  __mspabi_divul                         
00013994  __mspabi_mpyi_f5hw                     
00013882  __mspabi_mpyl_f5hw                     
00013832  __mspabi_remi                          
000134fa  __mspabi_remli                         
000139d8  __mspabi_remu                          
00013084  __mspabi_remul                         
00013b26  __mspabi_slli                          
00013572  __mspabi_slll_1                        
0001354e  __mspabi_slll_10                       
0001354a  __mspabi_slll_11                       
00013546  __mspabi_slll_12                       
00013542  __mspabi_slll_13                       
0001353e  __mspabi_slll_14                       
0001353a  __mspabi_slll_15                       
0001356e  __mspabi_slll_2                        
0001356a  __mspabi_slll_3                        
00013566  __mspabi_slll_4                        
00013562  __mspabi_slll_5                        
0001355e  __mspabi_slll_6                        
0001355a  __mspabi_slll_7                        
00013556  __mspabi_slll_8                        
00013552  __mspabi_slll_9                        
00013b1c  __mspabi_srai                          
0001397c  __time32                               
00004400  _c_int00_noargs                        
00004726  _ctypes_                               
00002a64  _device                                
0000299c  _ftable                                
00002b20  _lock                                  
00013b58  _nop                                   
0000fffe  _reset_vector                          
00004360  _stack                                 
00002adc  _stream                                
00002c58  _sys_memory                            
00013b5a  _system_post_cinit                     
00013b54  _system_pre_init                       
00002b24  _unlock                                
00013b4a  abort                                  
00012f78  close                                  
00013276  configDisplay                          
[...]
0000071e  ADC12MCTL14                            
0000071f  ADC12MCTL15                            
00000720  ADC12MEM0                              
00000720  ADC12MEM0_L                            
00000721  ADC12MEM0_H                            
00000722  ADC12MEM1                              
00000722  ADC12MEM1_L                            
00000723  ADC12MEM1_H                            
00000724  ADC12MEM2                              
00000724  ADC12MEM2_L                            
00000725  ADC12MEM2_H                            
00000726  ADC12MEM3                              
00000726  ADC12MEM3_L                            
00000727  ADC12MEM3_H                            
00000728  ADC12MEM4                              
00000728  ADC12MEM4_L                            
00000729  ADC12MEM4_H                            
0000072a  ADC12MEM5                              
0000072a  ADC12MEM5_L                            
0000072b  ADC12MEM5_H                            
0000072c  ADC12MEM6                              
0000072c  ADC12MEM6_L                            
0000072d  ADC12MEM6_H                            
0000072e  ADC12MEM7                              
0000072e  ADC12MEM7_L                            
0000072f  ADC12MEM7_H                            
00000730  ADC12MEM8                              
00000730  ADC12MEM8_L                            
00000731  ADC12MEM8_H                            
00000732  ADC12MEM9                              
00000732  ADC12MEM9_L                            
00000733  ADC12MEM9_H                            
00000734  ADC12MEM10                             
00000734  ADC12MEM10_L                           
00000735  ADC12MEM10_H                           
00000736  ADC12MEM11                             
00000736  ADC12MEM11_L                           
00000737  ADC12MEM11_H                           
00000738  ADC12MEM12                             
00000738  ADC12MEM12_L                           
00000739  ADC12MEM12_H                           
0000073a  ADC12MEM13                             
0000073a  ADC12MEM13_L                           
0000073b  ADC12MEM13_H                           
0000073c  ADC12MEM14                             
0000073c  ADC12MEM14_L                           
0000073d  ADC12MEM14_H                           
0000073e  ADC12MEM15                             
0000073e  ADC12MEM15_L                           
0000073f  ADC12MEM15_H                           
000008c0  CBCTL0                                 
000008c0  CBCTL0_L                               
000008c1  CBCTL0_H                               
000008c2  CBCTL1                                 
000008c2  CBCTL1_L                               
000008c3  CBCTL1_H                               
000008c4  CBCTL2                                 
000008c4  CBCTL2_L                               
000008c5  CBCTL2_H                               
000008c6  CBCTL3                                 
000008c6  CBCTL3_L                               
000008c7  CBCTL3_H                               
000008cc  CBINT                                  
000008cc  CBINT_L                                
000008cd  CBINT_H                                
000008ce  CBIV                                   
00000900  USBKEYID                               
00000900  USBKEYID_L                             
00000901  USBKEYID_H                             
00000902  USBCNF                                 
00000902  USBCNF_L                               
00000903  USBCNF_H                               
00000904  USBPHYCTL                              
00000904  USBPHYCTL_L                            
00000905  USBPHYCTL_H                            
00000908  USBPWRCTL                              
00000908  USBPWRCTL_L                            
00000909  USBPWRCTL_H                            
00000910  USBPLLCTL                              
00000910  USBPLLCTL_L                            
00000911  USBPLLCTL_H                            
00000912  USBPLLDIVB                             
00000912  USBPLLDIVB_L                           
00000913  USBPLLDIVB_H                           
00000914  USBPLLIR                               
00000914  USBPLLIR_L                             
00000915  USBPLLIR_H                             
00000920  USBIEPCNF_0                            
00000921  USBIEPCNT_0                            
00000922  USBOEPCNF_0                            
00000923  USBOEPCNT_0                            
0000092e  USBIEPIE                               
0000092f  USBOEPIE                               
00000930  USBIEPIFG                              
00000931  USBOEPIFG                              
00000932  USBVECINT                              
00000932  USBVECINT_L                            
00000933  USBVECINT_H                            
00000936  USBMAINT                               
00000936  USBMAINT_L                             
00000937  USBMAINT_H                             
00000938  USBTSREG                               
00000938  USBTSREG_L                             
00000939  USBTSREG_H                             
0000093a  USBFN                                  
0000093a  USBFN_L                                
0000093b  USBFN_H                                
0000093c  USBCTL                                 
0000093d  USBIE                                  
0000093e  USBIFG                                 
0000093f  USBFUNADR                              
00001c00  USBSTABUFF                             
0000236f  USBTOPBUFF                             
00002370  USBOEP0BUF                             
00002378  USBIEP0BUF                             
00002380  USBSUBLK                               
00002388  USBOEPCNF_1                            
00002389  USBOEPBBAX_1                           
0000238a  USBOEPBCTX_1                           
0000238d  USBOEPBBAY_1                           
0000238e  USBOEPBCTY_1                           
0000238f  USBOEPSIZXY_1                          
00002390  USBOEPCNF_2                            
00002391  USBOEPBBAX_2                           
00002392  USBOEPBCTX_2                           
00002395  USBOEPBBAY_2                           
00002396  USBOEPBCTY_2                           
00002397  USBOEPSIZXY_2                          
00002398  USBOEPCNF_3                            
00002399  USBOEPBBAX_3                           
0000239a  USBOEPBCTX_3                           
0000239d  USBOEPBBAY_3                           
0000239e  USBOEPBCTY_3                           
0000239f  USBOEPSIZXY_3                          
000023a0  USBOEPCNF_4                            
000023a1  USBOEPBBAX_4                           
000023a2  USBOEPBCTX_4                           
000023a5  USBOEPBBAY_4                           
000023a6  USBOEPBCTY_4                           
000023a7  USBOEPSIZXY_4                          
000023a8  USBOEPCNF_5                            
000023a9  USBOEPBBAX_5                           
000023aa  USBOEPBCTX_5                           
000023ad  USBOEPBBAY_5                           
000023ae  USBOEPBCTY_5                           
000023af  USBOEPSIZXY_5                          
000023b0  USBOEPCNF_6                            
000023b1  USBOEPBBAX_6                           
000023b2  USBOEPBCTX_6                           
000023b5  USBOEPBBAY_6                           
000023b6  USBOEPBCTY_6                           
000023b7  USBOEPSIZXY_6                          
000023b8  USBOEPCNF_7                            
000023b9  USBOEPBBAX_7                           
000023ba  USBOEPBCTX_7                           
000023bd  USBOEPBBAY_7                           
000023be  USBOEPBCTY_7                           
000023bf  USBOEPSIZXY_7                          
000023c8  USBIEPCNF_1                            
000023c9  USBIEPBBAX_1                           
000023ca  USBIEPBCTX_1                           
000023cd  USBIEPBBAY_1                           
000023ce  USBIEPBCTY_1                           
000023cf  USBIEPSIZXY_1                          
000023d0  USBIEPCNF_2                            
000023d1  USBIEPBBAX_2                           
000023d2  USBIEPBCTX_2                           
000023d5  USBIEPBBAY_2                           
000023d6  USBIEPBCTY_2                           
000023d7  USBIEPSIZXY_2                          
000023d8  USBIEPCNF_3                            
000023d9  USBIEPBBAX_3                           
000023da  USBIEPBCTX_3                           
000023dd  USBIEPBBAY_3                           
000023de  USBIEPBCTY_3                           
000023df  USBIEPSIZXY_3                          
000023e0  USBIEPCNF_4                            
000023e1  USBIEPBBAX_4                           
000023e2  USBIEPBCTX_4                           
000023e5  USBIEPBBAY_4                           
000023e6  USBIEPBCTY_4                           
000023e7  USBIEPSIZXY_4                          
000023e8  USBIEPCNF_5                            
000023e9  USBIEPBBAX_5                           
000023ea  USBIEPBCTX_5                           
000023ed  USBIEPBBAY_5                           
000023ee  USBIEPBCTY_5                           
000023ef  USBIEPSIZXY_5                          
000023f0  USBIEPCNF_6                            
000023f1  USBIEPBBAX_6                           
000023f2  USBIEPBCTX_6                           
000023f5  USBIEPBBAY_6                           
000023f6  USBIEPBCTY_6                           
000023f7  USBIEPSIZXY_6                          
000023f8  USBIEPCNF_7                            
000023f9  USBIEPBBAX_7                           
000023fa  USBIEPBCTX_7                           
000023fd  USBIEPBBAY_7                           
000023fe  USBIEPBCTY_7                           
000023ff  USBIEPSIZXY_7                          
00002400  DisplayBuffer                          
00002880  __TI_tmpnams                           
00002920  deck                                   
00002954  g_sContext                             
0000297a  cpu_hand                               
00002984  player_hand                            
0000298e  parmbuf                                
0000299c  _ftable                                
00002a64  _device                                
00002adc  _stream                                
00002b18  __TI_cleanup_ptr                       
00002b1c  __TI_dtors_ptr                         
00002b20  _lock                                  
00002b24  _unlock                                
00002b2c  VCOMbit                                
00002b2d  flagSendToggleVCOMCommand              
00002b2e  game_state                             
00002b30  __TI_ft_end                            
00002b32  errno                                  
00002b34  __TI_enable_exit_profile_output        
00002b38  _CIOBUF_                               
00002c58  _sys_memory                            
00004360  _stack                                 
00004400  __STACK_END                            
00004400  _c_int00_noargs                        
0000441c  TIMER1_A0_ISR                          
00004426  __TI_ISR_TRAP                          
00004726  _ctypes_                               
00004828  g_sFontFixed6x8                        
0000492e  g_sharp96x96LCD                        
0000496e  referse_data                           
000049f4  __TI_Handler_Table_Base                
00004a00  __TI_Handler_Table_Limit               
00004a06  __TI_CINIT_Base                        
00004a16  __TI_CINIT_Limit                       
0000ffd2  __TI_int41                             
0000ffd4  __TI_int42                             
0000ffd6  __TI_int43                             
0000ffd8  __TI_int44                             
0000ffda  __TI_int45                             
0000ffdc  __TI_int46                             
0000ffde  __TI_int47                             
0000ffe0  __TI_int48                             
0000ffe2  __TI_int49                             
0000ffe4  __TI_int50                             
0000ffe6  __TI_int51                             
0000ffe8  __TI_int52                             
0000ffea  __TI_int53                             
0000ffec  __TI_int54                             
0000ffee  __TI_int55                             
0000fff0  __TI_int56                             
0000fff2  __TI_int57                             
0000fff4  __TI_int58                             
0000fff6  __TI_int59                             
0000fff8  __TI_int60                             
0000fffa  __TI_int61                             
0000fffc  __TI_int62                             
0000fffe  _reset_vector                          
00010000  Graphics_drawString                    
000107e6  main                                   
00010b82  __TI_scanfi_minimal                    
00010e24  strtol                                 
00011236  strtoul                                
0001187e  Graphics_drawRectangle                 
00011982  diplay_hand                            
00011a86  Sharp96x96_Flush                       
00011b7a  fputs                                  
00011c6a  setvbuf                                
00011d48  Graphics_drawLineH                     
00011e24  __TI_printfi_minimal                   
00011fda  Graphics_drawLineV                     
000120ac  Graphics_getStringWidth                
0001223c  shuffle_deck                           
000122fc  malloc                                 
000123b8  Sharp96x96_PixelDraw                   
000124f6  HOSTlseek                              
00012622  __TI_buff_read                         
00012746  fgetc                                  
00012746  getc                                   
000127d6  fputc                                  
000127d6  putc                                   
00012866  free                                   
000128f4  ungetc                                 
0001297c  __TI_wrt_ok                            
000129fa  Graphics_drawStringCentered            
00012a72  __TI_decompress_lzss                   
00012ae8  HOSTrename                             
00012b5c  __TI_closefile                         
00012bd0  HOSTopen                               
00012c40  HOSTwrite                              
00012cac  HOSTread                               
00012d16  Sharp96x96_ClearScreen                 
00012d80  Sharp96x96_Init                        
00012dea  fseek                                  
00012eba  __TI_doflush                           
00012f1e  __TI_rd_ok                             
00012f78  close                                  
00012fd2  getdevice                              
0001302c  disp_cpu_hand                          
00013084  __mspabi_divul                         
00013084  __mspabi_remul                         
000130dc  HOSTtime                               
00013132  __TI_auto_init_nobinit_nopinit_hold_wdt
00013186  Sharp96x96_SendToggleVCOMCommand       
000131d8  scanf                                  
00013228  HOSTclose                              
00013276  configDisplay                          
0001330e  exit                                   
00013358  printf                                 
000133ea  configKeypad                           
00013432  HOSTunlink                             
00013478  minit                                  
000134ba  rand                                   
000134fa  __mspabi_divli                         
000134fa  __mspabi_remli                         
0001353a  __mspabi_slll_15                       
0001353e  __mspabi_slll_14                       
00013542  __mspabi_slll_13                       
00013546  __mspabi_slll_12                       
0001354a  __mspabi_slll_11                       
0001354e  __mspabi_slll_10                       
00013552  __mspabi_slll_9                        
00013556  __mspabi_slll_8                        
0001355a  __mspabi_slll_7                        
0001355e  __mspabi_slll_6                        
00013562  __mspabi_slll_5                        
00013566  __mspabi_slll_4                        
0001356a  __mspabi_slll_3                        
0001356e  __mspabi_slll_2                        
00013572  __mspabi_slll_1                        
00013578  lseek                                  
000135b6  Graphics_initContext                   
000135f2  read                                   
0001362e  write                                  
000136a2  __TI_cleanup                           
000136d8  __TI_writemsg                          
0001370a  C$$IO$$                                
0001370e  reverse                                
00013744  __TI_readmsg                           
00013776  strncpy                                
000137a8  remove                                 
000137a8  unlink                                 
000137d8  finddevice                             
00013806  get_keypad_input                       
00013832  __mspabi_divi                          
00013832  __mspabi_remi                          
0001385e  __TI_zero_init                         
00013882  __mspabi_mpyl_f5hw                     
000138a6  memccpy                                
000138c4  disp_player_hand                       
000138e0  strchr                                 
000138fc  strcmp                                 
00013918  Graphics_drawHorizontalLineOnDisplay   
00013932  Graphics_drawVerticalLineOnDisplay     
0001394c  Graphics_setBackgroundColor            
00013964  Graphics_setForegroundColor            
0001397c  __time32                               
0001397c  time                                   
00013994  __mspabi_mpyi_f5hw                     
000139ac  memchr                                 
000139c2  memset                                 
000139d8  __mspabi_divu                          
000139d8  __mspabi_remu                          
000139ee  srand                                  
00013a04  get_val                                
00013a18  initLeds                               
00013a2c  memcpy                                 
00013a40  __TI_decompress_none                   
00013a52  disp_bets                              
00013a64  disp_totals                            
00013a76  strcpy                                 
00013a88  Graphics_clearDisplay                  
00013a98  disp_cpu_matched                       
00013aa8  Graphics_clearDisplayOnDisplay         
00013ab6  Graphics_drawPixelOnDisplay            
00013ac4  Graphics_flushOnDisplay                
00013ad2  Graphics_translateColorOnDisplay       
00013ae0  isxdigit                               
00013aee  strlen                                 
00013afc  isspace                                
00013b08  Graphics_flushBuffer                   
00013b1c  __mspabi_srai                          
00013b26  __mspabi_slli                          
00013b30  getchar                                
00013b38  Graphics_setFont                       
00013b4a  C$$EXIT                                
00013b4a  abort                                  
00013b54  _system_pre_init                       
00013b58  _nop                                   
00013b5a  _system_post_cinit                     
00013b5c  disp_cut_req                           
00013b5e  disp_enter_bet                         
00013b60  disp_invalid_input                     
00013b62  disp_opening                           
00013b64  disp_req_match                         
ffffffff  __TI_pprof_out_hndl                    
ffffffff  __TI_prof_data_size                    
ffffffff  __TI_prof_data_start                   
ffffffff  __c_args__                             

[949 symbols]
